// Jest Snapshot v1, https://goo.gl/fbAQLP

exports[`user context initial authenticated should be false 1`] = `
<div>
  <h1>
    Hello
  </h1>
</div>
`;
